2024-12-16 00:52:29,918 CRIT Supervisor is running as root.  Privileges were not dropped because no user is specified in the config file.  If you intend to run as root, you can set user=root in the config file to avoid this message.
2024-12-16 00:52:29,928 INFO supervisord started with pid 1
2024-12-16 00:52:30,933 INFO spawned: 'php-fpm' with pid 7
2024-12-16 00:52:30,933 INFO spawnerr: can't find command '/usr/bin/php'
2024-12-16 00:52:30,934 INFO spawnerr: can't find command '/usr/bin/php'
2024-12-16 00:52:30,934 INFO spawnerr: can't find command '/usr/bin/php'
2024-12-16 00:52:30,935 INFO spawnerr: can't find command '/usr/bin/php'
2024-12-16 00:52:30,935 INFO spawnerr: can't find command '/usr/bin/php'
2024-12-16 00:52:30,935 INFO spawnerr: can't find command '/usr/bin/php'
2024-12-16 00:52:30,936 INFO spawnerr: can't find command '/usr/bin/php'
2024-12-16 00:52:30,936 INFO spawnerr: can't find command '/usr/bin/php'
2024-12-16 00:52:30,938 INFO spawnerr: can't find command 'redis-server'
2024-12-16 00:52:32,003 INFO success: php-fpm entered RUNNING state, process has stayed up for > than 1 seconds (startsecs)
2024-12-16 00:52:32,003 INFO spawnerr: can't find command '/usr/bin/php'
2024-12-16 00:52:32,004 INFO spawnerr: can't find command '/usr/bin/php'
2024-12-16 00:52:32,004 INFO spawnerr: can't find command '/usr/bin/php'
2024-12-16 00:52:32,005 INFO spawnerr: can't find command '/usr/bin/php'
2024-12-16 00:52:32,005 INFO spawnerr: can't find command '/usr/bin/php'
2024-12-16 00:52:32,005 INFO spawnerr: can't find command '/usr/bin/php'
2024-12-16 00:52:32,005 INFO spawnerr: can't find command '/usr/bin/php'
2024-12-16 00:52:32,006 INFO spawnerr: can't find command '/usr/bin/php'
2024-12-16 00:52:32,006 INFO spawnerr: can't find command 'redis-server'
2024-12-16 00:52:34,009 INFO spawnerr: can't find command '/usr/bin/php'
2024-12-16 00:52:34,009 INFO spawnerr: can't find command '/usr/bin/php'
2024-12-16 00:52:34,010 INFO spawnerr: can't find command '/usr/bin/php'
2024-12-16 00:52:34,010 INFO spawnerr: can't find command '/usr/bin/php'
2024-12-16 00:52:34,010 INFO spawnerr: can't find command '/usr/bin/php'
2024-12-16 00:52:34,011 INFO spawnerr: can't find command '/usr/bin/php'
2024-12-16 00:52:34,011 INFO spawnerr: can't find command '/usr/bin/php'
2024-12-16 00:52:34,011 INFO spawnerr: can't find command '/usr/bin/php'
2024-12-16 00:52:34,012 INFO spawnerr: can't find command 'redis-server'
2024-12-16 00:52:37,016 INFO spawnerr: can't find command '/usr/bin/php'
2024-12-16 00:52:37,016 INFO spawnerr: can't find command '/usr/bin/php'
2024-12-16 00:52:37,017 INFO spawnerr: can't find command '/usr/bin/php'
2024-12-16 00:52:37,017 INFO spawnerr: can't find command '/usr/bin/php'
2024-12-16 00:52:37,018 INFO spawnerr: can't find command '/usr/bin/php'
2024-12-16 00:52:37,018 INFO spawnerr: can't find command '/usr/bin/php'
2024-12-16 00:52:37,018 INFO spawnerr: can't find command '/usr/bin/php'
2024-12-16 00:52:37,019 INFO spawnerr: can't find command '/usr/bin/php'
2024-12-16 00:52:37,019 INFO spawnerr: can't find command 'redis-server'
2024-12-16 00:52:37,019 INFO gave up: redis entered FATAL state, too many start retries too quickly
2024-12-16 00:52:41,025 INFO spawnerr: can't find command '/usr/bin/php'
2024-12-16 00:52:41,025 INFO spawnerr: can't find command '/usr/bin/php'
2024-12-16 00:52:41,025 INFO spawnerr: can't find command '/usr/bin/php'
2024-12-16 00:52:41,026 INFO spawnerr: can't find command '/usr/bin/php'
2024-12-16 00:52:41,026 INFO spawnerr: can't find command '/usr/bin/php'
2024-12-16 00:52:41,026 INFO spawnerr: can't find command '/usr/bin/php'
2024-12-16 00:52:41,027 INFO spawnerr: can't find command '/usr/bin/php'
2024-12-16 00:52:41,027 INFO spawnerr: can't find command '/usr/bin/php'
2024-12-16 00:52:46,033 INFO spawnerr: can't find command '/usr/bin/php'
2024-12-16 00:52:46,034 INFO spawnerr: can't find command '/usr/bin/php'
2024-12-16 00:52:46,034 INFO spawnerr: can't find command '/usr/bin/php'
2024-12-16 00:52:46,035 INFO spawnerr: can't find command '/usr/bin/php'
2024-12-16 00:52:46,035 INFO spawnerr: can't find command '/usr/bin/php'
2024-12-16 00:52:46,037 INFO spawnerr: can't find command '/usr/bin/php'
2024-12-16 00:52:46,037 INFO spawnerr: can't find command '/usr/bin/php'
2024-12-16 00:52:46,038 INFO spawnerr: can't find command '/usr/bin/php'
2024-12-16 00:52:52,043 INFO spawnerr: can't find command '/usr/bin/php'
2024-12-16 00:52:52,044 INFO spawnerr: can't find command '/usr/bin/php'
2024-12-16 00:52:52,044 INFO spawnerr: can't find command '/usr/bin/php'
2024-12-16 00:52:52,044 INFO spawnerr: can't find command '/usr/bin/php'
2024-12-16 00:52:52,045 INFO spawnerr: can't find command '/usr/bin/php'
2024-12-16 00:52:52,045 INFO spawnerr: can't find command '/usr/bin/php'
2024-12-16 00:52:52,045 INFO spawnerr: can't find command '/usr/bin/php'
2024-12-16 00:52:52,046 INFO spawnerr: can't find command '/usr/bin/php'
2024-12-16 00:52:59,833 INFO spawnerr: can't find command '/usr/bin/php'
2024-12-16 00:52:59,834 INFO spawnerr: can't find command '/usr/bin/php'
2024-12-16 00:52:59,834 INFO spawnerr: can't find command '/usr/bin/php'
2024-12-16 00:52:59,834 INFO spawnerr: can't find command '/usr/bin/php'
2024-12-16 00:52:59,835 INFO spawnerr: can't find command '/usr/bin/php'
2024-12-16 00:52:59,835 INFO spawnerr: can't find command '/usr/bin/php'
2024-12-16 00:52:59,835 INFO spawnerr: can't find command '/usr/bin/php'
2024-12-16 00:52:59,835 INFO spawnerr: can't find command '/usr/bin/php'
2024-12-16 00:53:08,416 INFO spawnerr: can't find command '/usr/bin/php'
2024-12-16 00:53:08,417 INFO spawnerr: can't find command '/usr/bin/php'
2024-12-16 00:53:08,417 INFO spawnerr: can't find command '/usr/bin/php'
2024-12-16 00:53:08,417 INFO spawnerr: can't find command '/usr/bin/php'
2024-12-16 00:53:08,418 INFO spawnerr: can't find command '/usr/bin/php'
2024-12-16 00:53:08,418 INFO spawnerr: can't find command '/usr/bin/php'
2024-12-16 00:53:08,418 INFO spawnerr: can't find command '/usr/bin/php'
2024-12-16 00:53:08,418 INFO spawnerr: can't find command '/usr/bin/php'
2024-12-16 00:53:17,430 INFO spawnerr: can't find command '/usr/bin/php'
2024-12-16 00:53:17,430 INFO spawnerr: can't find command '/usr/bin/php'
2024-12-16 00:53:17,431 INFO spawnerr: can't find command '/usr/bin/php'
2024-12-16 00:53:17,431 INFO spawnerr: can't find command '/usr/bin/php'
2024-12-16 00:53:17,431 INFO spawnerr: can't find command '/usr/bin/php'
2024-12-16 00:53:17,432 INFO spawnerr: can't find command '/usr/bin/php'
2024-12-16 00:53:17,432 INFO spawnerr: can't find command '/usr/bin/php'
2024-12-16 00:53:17,432 INFO spawnerr: can't find command '/usr/bin/php'
2024-12-16 00:53:27,444 INFO spawnerr: can't find command '/usr/bin/php'
2024-12-16 00:53:27,444 INFO gave up: prostoj.queue-kills entered FATAL state, too many start retries too quickly
2024-12-16 00:53:27,445 INFO spawnerr: can't find command '/usr/bin/php'
2024-12-16 00:53:27,445 INFO gave up: prostoj.queue-online entered FATAL state, too many start retries too quickly
2024-12-16 00:53:27,445 INFO spawnerr: can't find command '/usr/bin/php'
2024-12-16 00:53:27,446 INFO gave up: prostoj.queue-raid entered FATAL state, too many start retries too quickly
2024-12-16 00:53:27,446 INFO spawnerr: can't find command '/usr/bin/php'
2024-12-16 00:53:27,446 INFO gave up: prostoj.queue-report entered FATAL state, too many start retries too quickly
2024-12-16 00:53:27,446 INFO spawnerr: can't find command '/usr/bin/php'
2024-12-16 00:53:27,447 INFO gave up: prostoj.queue-stats entered FATAL state, too many start retries too quickly
2024-12-16 00:53:27,447 INFO spawnerr: can't find command '/usr/bin/php'
2024-12-16 00:53:27,447 INFO gave up: prostoj.queue-team entered FATAL state, too many start retries too quickly
2024-12-16 00:53:27,447 INFO spawnerr: can't find command '/usr/bin/php'
2024-12-16 00:53:27,448 INFO gave up: prostoj.queue-telegram entered FATAL state, too many start retries too quickly
2024-12-16 00:53:27,448 INFO spawnerr: can't find command '/usr/bin/php'
2024-12-16 00:53:27,448 INFO gave up: prostoj.queue-top entered FATAL state, too many start retries too quickly
2024-12-16 00:53:57,485 WARN received SIGQUIT indicating exit request
2024-12-16 00:53:57,485 INFO waiting for php-fpm to die
2024-12-16 00:54:00,489 INFO waiting for php-fpm to die
2024-12-16 00:54:03,493 INFO waiting for php-fpm to die
2024-12-16 00:54:06,497 INFO waiting for php-fpm to die
2024-12-16 00:54:06,501 INFO stopped: php-fpm (exit status 0)
2024-12-16 00:55:43,278 CRIT Supervisor is running as root.  Privileges were not dropped because no user is specified in the config file.  If you intend to run as root, you can set user=root in the config file to avoid this message.
2024-12-16 00:55:43,284 INFO supervisord started with pid 1
2024-12-16 00:55:44,287 INFO spawned: 'php-fpm' with pid 7
2024-12-16 00:55:44,288 INFO spawnerr: can't find command '/usr/bin/php'
2024-12-16 00:55:44,288 INFO spawnerr: can't find command '/usr/bin/php'
2024-12-16 00:55:44,289 INFO spawnerr: can't find command '/usr/bin/php'
2024-12-16 00:55:44,289 INFO spawnerr: can't find command '/usr/bin/php'
2024-12-16 00:55:44,289 INFO spawnerr: can't find command '/usr/bin/php'
2024-12-16 00:55:44,290 INFO spawnerr: can't find command '/usr/bin/php'
2024-12-16 00:55:44,290 INFO spawnerr: can't find command '/usr/bin/php'
2024-12-16 00:55:44,290 INFO spawnerr: can't find command '/usr/bin/php'
2024-12-16 00:55:44,290 INFO spawnerr: can't find command 'redis-server'
2024-12-16 00:55:45,323 INFO success: php-fpm entered RUNNING state, process has stayed up for > than 1 seconds (startsecs)
2024-12-16 00:55:45,324 INFO spawnerr: can't find command '/usr/bin/php'
2024-12-16 00:55:45,324 INFO spawnerr: can't find command '/usr/bin/php'
2024-12-16 00:55:45,324 INFO spawnerr: can't find command '/usr/bin/php'
2024-12-16 00:55:45,325 INFO spawnerr: can't find command '/usr/bin/php'
2024-12-16 00:55:45,325 INFO spawnerr: can't find command '/usr/bin/php'
2024-12-16 00:55:45,325 INFO spawnerr: can't find command '/usr/bin/php'
2024-12-16 00:55:45,325 INFO spawnerr: can't find command '/usr/bin/php'
2024-12-16 00:55:45,326 INFO spawnerr: can't find command '/usr/bin/php'
2024-12-16 00:55:45,326 INFO spawnerr: can't find command 'redis-server'
2024-12-16 00:55:47,329 INFO spawnerr: can't find command '/usr/bin/php'
2024-12-16 00:55:47,329 INFO spawnerr: can't find command '/usr/bin/php'
2024-12-16 00:55:47,330 INFO spawnerr: can't find command '/usr/bin/php'
2024-12-16 00:55:47,330 INFO spawnerr: can't find command '/usr/bin/php'
2024-12-16 00:55:47,330 INFO spawnerr: can't find command '/usr/bin/php'
2024-12-16 00:55:47,330 INFO spawnerr: can't find command '/usr/bin/php'
2024-12-16 00:55:47,331 INFO spawnerr: can't find command '/usr/bin/php'
2024-12-16 00:55:47,331 INFO spawnerr: can't find command '/usr/bin/php'
2024-12-16 00:55:47,331 INFO spawnerr: can't find command 'redis-server'
2024-12-16 00:55:50,334 INFO spawnerr: can't find command '/usr/bin/php'
2024-12-16 00:55:50,334 INFO spawnerr: can't find command '/usr/bin/php'
2024-12-16 00:55:50,335 INFO spawnerr: can't find command '/usr/bin/php'
2024-12-16 00:55:50,335 INFO spawnerr: can't find command '/usr/bin/php'
2024-12-16 00:55:50,335 INFO spawnerr: can't find command '/usr/bin/php'
2024-12-16 00:55:50,336 INFO spawnerr: can't find command '/usr/bin/php'
2024-12-16 00:55:50,336 INFO spawnerr: can't find command '/usr/bin/php'
2024-12-16 00:55:50,336 INFO spawnerr: can't find command '/usr/bin/php'
2024-12-16 00:55:50,337 INFO spawnerr: can't find command 'redis-server'
2024-12-16 00:55:50,337 INFO gave up: redis entered FATAL state, too many start retries too quickly
2024-12-16 00:55:54,342 INFO spawnerr: can't find command '/usr/bin/php'
2024-12-16 00:55:54,342 INFO spawnerr: can't find command '/usr/bin/php'
2024-12-16 00:55:54,342 INFO spawnerr: can't find command '/usr/bin/php'
2024-12-16 00:55:54,343 INFO spawnerr: can't find command '/usr/bin/php'
2024-12-16 00:55:54,343 INFO spawnerr: can't find command '/usr/bin/php'
2024-12-16 00:55:54,343 INFO spawnerr: can't find command '/usr/bin/php'
2024-12-16 00:55:54,344 INFO spawnerr: can't find command '/usr/bin/php'
2024-12-16 00:55:54,344 INFO spawnerr: can't find command '/usr/bin/php'
2024-12-16 00:55:59,350 INFO spawnerr: can't find command '/usr/bin/php'
2024-12-16 00:55:59,351 INFO spawnerr: can't find command '/usr/bin/php'
2024-12-16 00:55:59,351 INFO spawnerr: can't find command '/usr/bin/php'
2024-12-16 00:55:59,351 INFO spawnerr: can't find command '/usr/bin/php'
2024-12-16 00:55:59,352 INFO spawnerr: can't find command '/usr/bin/php'
2024-12-16 00:55:59,352 INFO spawnerr: can't find command '/usr/bin/php'
2024-12-16 00:55:59,352 INFO spawnerr: can't find command '/usr/bin/php'
2024-12-16 00:55:59,352 INFO spawnerr: can't find command '/usr/bin/php'
2024-12-16 00:56:05,360 INFO spawnerr: can't find command '/usr/bin/php'
2024-12-16 00:56:05,360 INFO spawnerr: can't find command '/usr/bin/php'
2024-12-16 00:56:05,361 INFO spawnerr: can't find command '/usr/bin/php'
2024-12-16 00:56:05,361 INFO spawnerr: can't find command '/usr/bin/php'
2024-12-16 00:56:05,361 INFO spawnerr: can't find command '/usr/bin/php'
2024-12-16 00:56:05,362 INFO spawnerr: can't find command '/usr/bin/php'
2024-12-16 00:56:05,362 INFO spawnerr: can't find command '/usr/bin/php'
2024-12-16 00:56:05,362 INFO spawnerr: can't find command '/usr/bin/php'
2024-12-16 00:56:12,371 INFO spawnerr: can't find command '/usr/bin/php'
2024-12-16 00:56:12,372 INFO spawnerr: can't find command '/usr/bin/php'
2024-12-16 00:56:12,372 INFO spawnerr: can't find command '/usr/bin/php'
2024-12-16 00:56:12,372 INFO spawnerr: can't find command '/usr/bin/php'
2024-12-16 00:56:12,373 INFO spawnerr: can't find command '/usr/bin/php'
2024-12-16 00:56:12,373 INFO spawnerr: can't find command '/usr/bin/php'
2024-12-16 00:56:12,373 INFO spawnerr: can't find command '/usr/bin/php'
2024-12-16 00:56:12,373 INFO spawnerr: can't find command '/usr/bin/php'
2024-12-16 00:56:20,937 INFO spawnerr: can't find command '/usr/bin/php'
2024-12-16 00:56:20,937 INFO spawnerr: can't find command '/usr/bin/php'
2024-12-16 00:56:20,937 INFO spawnerr: can't find command '/usr/bin/php'
2024-12-16 00:56:20,938 INFO spawnerr: can't find command '/usr/bin/php'
2024-12-16 00:56:20,938 INFO spawnerr: can't find command '/usr/bin/php'
2024-12-16 00:56:20,938 INFO spawnerr: can't find command '/usr/bin/php'
2024-12-16 00:56:20,938 INFO spawnerr: can't find command '/usr/bin/php'
2024-12-16 00:56:20,939 INFO spawnerr: can't find command '/usr/bin/php'
2024-12-16 00:56:29,949 INFO spawnerr: can't find command '/usr/bin/php'
2024-12-16 00:56:29,950 INFO spawnerr: can't find command '/usr/bin/php'
2024-12-16 00:56:29,950 INFO spawnerr: can't find command '/usr/bin/php'
2024-12-16 00:56:29,951 INFO spawnerr: can't find command '/usr/bin/php'
2024-12-16 00:56:29,951 INFO spawnerr: can't find command '/usr/bin/php'
2024-12-16 00:56:29,951 INFO spawnerr: can't find command '/usr/bin/php'
2024-12-16 00:56:29,952 INFO spawnerr: can't find command '/usr/bin/php'
2024-12-16 00:56:29,952 INFO spawnerr: can't find command '/usr/bin/php'
2024-12-16 00:56:39,965 INFO spawnerr: can't find command '/usr/bin/php'
2024-12-16 00:56:39,965 INFO gave up: prostoj.queue-kills entered FATAL state, too many start retries too quickly
2024-12-16 00:56:39,966 INFO spawnerr: can't find command '/usr/bin/php'
2024-12-16 00:56:39,966 INFO gave up: prostoj.queue-online entered FATAL state, too many start retries too quickly
2024-12-16 00:56:39,966 INFO spawnerr: can't find command '/usr/bin/php'
2024-12-16 00:56:39,966 INFO gave up: prostoj.queue-raid entered FATAL state, too many start retries too quickly
2024-12-16 00:56:39,967 INFO spawnerr: can't find command '/usr/bin/php'
2024-12-16 00:56:39,967 INFO gave up: prostoj.queue-report entered FATAL state, too many start retries too quickly
2024-12-16 00:56:39,967 INFO spawnerr: can't find command '/usr/bin/php'
2024-12-16 00:56:39,967 INFO gave up: prostoj.queue-stats entered FATAL state, too many start retries too quickly
2024-12-16 00:56:39,967 INFO spawnerr: can't find command '/usr/bin/php'
2024-12-16 00:56:39,968 INFO gave up: prostoj.queue-team entered FATAL state, too many start retries too quickly
2024-12-16 00:56:39,968 INFO spawnerr: can't find command '/usr/bin/php'
2024-12-16 00:56:39,968 INFO gave up: prostoj.queue-telegram entered FATAL state, too many start retries too quickly
2024-12-16 00:56:39,968 INFO spawnerr: can't find command '/usr/bin/php'
2024-12-16 00:56:39,968 INFO gave up: prostoj.queue-top entered FATAL state, too many start retries too quickly
2024-12-16 00:57:32,031 WARN received SIGQUIT indicating exit request
2024-12-16 00:57:32,031 INFO waiting for php-fpm to die
2024-12-16 00:57:35,035 INFO waiting for php-fpm to die
2024-12-16 00:57:38,039 INFO waiting for php-fpm to die
2024-12-16 00:57:41,043 INFO waiting for php-fpm to die
2024-12-16 00:57:41,048 INFO stopped: php-fpm (exit status 0)
